Microchip MPLAB XC8 Compiler V1.37 ()

Linker command line:

-W-3 --edf=C:\Program Files (x86)\Microchip\xc8\v1.37\dat\en_msgs.txt -cs \
  -h+dist/default/debug\PIC_NaiveBayes.X.debug.sym \
  --cmf=dist/default/debug\PIC_NaiveBayes.X.debug.cmf -z -Q18F4550 \
  -oC:\Users\TARDIS\AppData\Local\Temp\s6es.2 \
  -Mdist/default/debug/PIC_NaiveBayes.X.debug.map -E1 -ver=XC8 --acfsm=1493 \
  -ASTACK=02C8h-07ffh -pstack=STACK -ACODE=00h-07FFFh -ACONST=00h-07FFFh \
  -ASMALLCONST=0800h-08FFhx120 -AMEDIUMCONST=0800h-07FFFh -ACOMRAM=01h-05Fh \
  -AABS1=00h-07FFh -ABIGRAM=01h-07FFh -ARAM=060h-0FFh,0100h-01FFhx7 \
  -ABANK0=060h-0FFh -ABANK1=0100h-01FFh -ABANK2=0200h-02FFh \
  -ABANK3=0300h-03FFh -ABANK4=0400h-04FFh -ABANK5=0500h-05FFh \
  -ABANK6=0600h-06FFh -ABANK7=0700h-07FFh -ASFR=0F60h-0FFFh \
  -preset_vec=00h,intcode,intcodelo,powerup,init,end_init -pramtop=0800h \
  -psmallconst=SMALLCONST -pmediumconst=MEDIUMCONST -pconst=CONST \
  -AFARRAM=00h-00h -ACONFIG=0300000h-030000Dh -pconfig=CONFIG \
  -AIDLOC=0200000h-0200007h -pidloc=IDLOC -AEEDATA=0F00000h-0F000FFh \
  -peeprom_data=EEDATA \
  -prdata=COMRAM,nvrram=COMRAM,nvbit=COMRAM,rbss=COMRAM,rbit=COMRAM \
  -pfarbss=FARRAM,fardata=FARRAM,nvFARRAM=FARRAM \
  -pintsave_regs=BIGRAM,bigbss=BIGRAM,bigdata=BIGRAM -pbss=RAM \
  -pidata=CODE,irdata=CODE,ibigdata=CODE,ifardata=CODE -prparam=COMRAM \
  C:\Users\TARDIS\AppData\Local\Temp\s6es.obj \
  dist/default/debug\PIC_NaiveBayes.X.debug.obj 

Object code version is 3.11

Machine type is 18F4550

Call graph: (short form)




                Name                               Link     Load   Length Selector   Space Scale
C:\Users\TARDIS\AppData\Local\Temp\s6es.obj
                end_init                              0        0        4        0       0
                idloc                            200000   200000        8   200000       0
                config                           300000   300000        E   300000       0
dist/default/debug\PIC_NaiveBayes.X.debug.obj
                mediumconst                        4186     4186     3E7A     20C3       0
                text39                              2E8      2E8       26      174       0
                text38                             2418     2418      2B4     120C       0
                text37                              30E      30E       2E      187       0
                text36                             30F8     30F8      4A8     187C       0
                text35                              37E      37E       48      1BF       0
                text34                             2990     2990      350     14C8       0
                text33                              C3A      C3A      110      61D       0
                text32                              E68      E68      120      734       0
                text31                              764      764       E0      3B2       0
                text30                             132A     132A      150      995       0
                text29                              602      602       9A      301       0
                text28                              D4A      D4A      11E      6A5       0
                text27                              B30      B30      10A      598       0
                text26                             218C     218C      28C     10C6       0
                text25                             15DA     15DA      17E      AED       0
                text24                             1AEC     1AEC      1F4      D76       0
                text23                             26CC     26CC      2C4     1366       0
                text22                             1CE0     1CE0      232      E70       0
                text21                             1910     1910      1DC      C88       0
                text20                              69C      69C       C8      34E       0
                text19                             1758     1758      1B8      BAC       0
                text18                              3C6      3C6       60      1E3       0
                text17                              292      292       1C      149       0
                text16                              4FC      4FC       82      27E       0
                text15                              426      426       66      213       0
                text14                              F88      F88      128      7C4       0
                text13                             10B0     10B0      132      858       0
                text12                              57E      57E       84      2BF       0
                text11                              48C      48C       70      246       0
                text10                             1F12     1F12      27A      F89       0
                text9                               2CA      2CA       1E      165       0
                text8                               286      286        C      143       0
                text7                              2CE0     2CE0      418     1670       0
                text6                              35A0     35A0      BE6     1AD0       0
                text5                              147A     147A      160      A3D       0
                text4                              11E2     11E2      148      8F1       0
                text3                               92C      92C      102      496       0
                text2                               A2E      A2E      102      517       0
                text1                               844      844       E8      422       0
                text0                               33C      33C       42      19E       0
                cstackCOMRAM                          1        1       5E        1       1
                cstackBANK0                          60       60       A0       60       1
                cstackBANK1                         100      100       3D      100       1
                bssBANK2                            200      200       C8      200       1
                bssBANK1                            13D      13D        2      100       1
                cinit                               2AE      2AE       1C      157       0
                nvBANK1                             13F      13F        1      100       1
                nvCOMRAM                             5F       5F        1        1       1

TOTAL           Name                               Link     Load   Length     Space
        CLASS   STACK          

        CLASS   CODE           
                end_init                              0        0        4         0
                text39                              2E8      2E8       26         0
                text38                             2418     2418      2B4         0
                text37                              30E      30E       2E         0
                text36                             30F8     30F8      4A8         0
                text35                              37E      37E       48         0
                text34                             2990     2990      350         0
                text33                              C3A      C3A      110         0
                text32                              E68      E68      120         0
                text31                              764      764       E0         0
                text30                             132A     132A      150         0
                text29                              602      602       9A         0
                text28                              D4A      D4A      11E         0
                text27                              B30      B30      10A         0
                text26                             218C     218C      28C         0
                text25                             15DA     15DA      17E         0
                text24                             1AEC     1AEC      1F4         0
                text23                             26CC     26CC      2C4         0
                text22                             1CE0     1CE0      232         0
                text21                             1910     1910      1DC         0
                text20                              69C      69C       C8         0
                text19                             1758     1758      1B8         0
                text18                              3C6      3C6       60         0
                text17                              292      292       1C         0
                text16                              4FC      4FC       82         0
                text15                              426      426       66         0
                text14                              F88      F88      128         0
                text13                             10B0     10B0      132         0
                text12                              57E      57E       84         0
                text11                              48C      48C       70         0
                text10                             1F12     1F12      27A         0
                text9                               2CA      2CA       1E         0
                text8                               286      286        C         0
                text7                              2CE0     2CE0      418         0
                text6                              35A0     35A0      BE6         0
                text5                              147A     147A      160         0
                text4                              11E2     11E2      148         0
                text3                               92C      92C      102         0
                text2                               A2E      A2E      102         0
                text1                               844      844       E8         0
                text0                               33C      33C       42         0
                cinit                               2AE      2AE       1C         0

        CLASS   CONST          

        CLASS   SMALLCONST     

        CLASS   MEDIUMCONST    
                mediumconst                        4186     4186     3E7A         0

        CLASS   COMRAM         
                cstackCOMRAM                          1        1       5E         1
                nvCOMRAM                             5F       5F        1         1

        CLASS   ABS1           

        CLASS   BIGRAM         

        CLASS   RAM            

        CLASS   BANK0          
                cstackBANK0                          60       60       A0         1

        CLASS   BANK1          
                cstackBANK1                         100      100       3D         1
                bssBANK1                            13D      13D        2         1
                nvBANK1                             13F      13F        1         1

        CLASS   BANK2          
                bssBANK2                            200      200       C8         1

        CLASS   BANK3          

        CLASS   BANK4          

        CLASS   BANK5          

        CLASS   BANK6          

        CLASS   BANK7          

        CLASS   SFR            

        CLASS   FARRAM         

        CLASS   CONFIG         
                config                           300000   300000        E         0

        CLASS   IDLOC          
                idloc                            200000   200000        8         0

        CLASS   EEDATA         



SEGMENTS        Name                           Load    Length   Top    Selector   Space  Class

                reset_vec                      000000  000004  000004         0       0  CODE    
                cstackCOMRAM                   000001  00005F  000060         1       1  COMRAM  
                cstackBANK0                    000060  0000A0  000100        60       1  BANK0   
                cstackBANK1                    000100  000040  000140       100       1  BANK1   
                bssBANK2                       000200  0000C8  0002C8       200       1  BANK2   
                text8                          000286  00000C  000292       143       0  CODE    
                text17                         000292  00001C  0002AE       149       0  CODE    
                cinit                          0002AE  00001C  0002CA       157       0  CODE    
                text9                          0002CA  00001E  0002E8       165       0  CODE    
                text39                         0002E8  000026  00030E       174       0  CODE    
                text37                         00030E  00002E  00033C       187       0  CODE    
                text0                          00033C  000042  00037E       19E       0  CODE    
                text35                         00037E  000048  0003C6       1BF       0  CODE    
                text18                         0003C6  000060  000426       1E3       0  CODE    
                text15                         000426  000066  00048C       213       0  CODE    
                text11                         00048C  000070  0004FC       246       0  CODE    
                text16                         0004FC  000082  00057E       27E       0  CODE    
                text12                         00057E  000084  000602       2BF       0  CODE    
                text29                         000602  00009A  00069C       301       0  CODE    
                text20                         00069C  0000C8  000764       34E       0  CODE    
                text31                         000764  0000E0  000844       3B2       0  CODE    
                text1                          000844  0000E8  00092C       422       0  CODE    
                text3                          00092C  000102  000A2E       496       0  CODE    
                text2                          000A2E  000102  000B30       517       0  CODE    
                text27                         000B30  00010A  000C3A       598       0  CODE    
                text33                         000C3A  000110  000D4A       61D       0  CODE    
                text28                         000D4A  00011E  000E68       6A5       0  CODE    
                text32                         000E68  000120  000F88       734       0  CODE    
                text14                         000F88  000128  0010B0       7C4       0  CODE    
                text13                         0010B0  000132  0011E2       858       0  CODE    
                text4                          0011E2  000148  00132A       8F1       0  CODE    
                text30                         00132A  000150  00147A       995       0  CODE    
                text5                          00147A  000160  0015DA       A3D       0  CODE    
                text25                         0015DA  00017E  001758       AED       0  CODE    
                text19                         001758  0001B8  001910       BAC       0  CODE    
                text21                         001910  0001DC  001AEC       C88       0  CODE    
                text24                         001AEC  0001F4  001CE0       D76       0  CODE    
                text22                         001CE0  000232  001F12       E70       0  CODE    
                text10                         001F12  00027A  00218C       F89       0  CODE    
                text26                         00218C  00028C  002418      10C6       0  CODE    
                text38                         002418  0002B4  0026CC      120C       0  CODE    
                text23                         0026CC  0002C4  002990      1366       0  CODE    
                text34                         002990  000350  002CE0      14C8       0  CODE    
                text7                          002CE0  000418  0030F8      1670       0  CODE    
                text36                         0030F8  0004A8  0035A0      187C       0  CODE    
                text6                          0035A0  000BE6  004186      1AD0       0  CODE    
                mediumconst                    004186  003E7A  008000      20C3       0  MEDIUMCO
                idloc                          200000  000008  200008    200000       0  IDLOC   
                config                         300000  00000E  30000E    300000       0  CONFIG  


UNUSED ADDRESS RANGES

        Name                Unused          Largest block    Delta
        BANK1            000140-0001FF               C0
        BANK2            0002C8-0002FF               38
        BANK3            000300-0003FF              100
        BANK4            000400-0004FF              100
        BANK5            000500-0005FF              100
        BANK6            000600-0006FF              100
        BANK7            000700-0007FF              100
        BIGRAM           000140-0001FF               C0
                         0002C8-0007FF              538
        CODE             000004-000285              282
        CONST            000004-000285              282
        EEDATA           F00000-F000FF              100
        RAM              000140-0001FF               C0
                         0002C8-0007FF              100
        SFR              000F60-000FFF               A0
        STACK            0002C8-0007FF              538

                                  Symbol Table

?___awdiv                                  cstackCOMRAM 000007
?___awmod                                  cstackCOMRAM 000001
?___fladd                                  cstackBANK0  000060
?___fldiv                                  cstackCOMRAM 00001E
?___flmul                                  cstackCOMRAM 000037
?___flneg                                  cstackCOMRAM 000001
?___flsub                                  cstackBANK0  000074
?___fltol                                  cstackCOMRAM 000059
?___lldiv                                  cstackCOMRAM 000001
?___llmod                                  cstackCOMRAM 00000E
?___wmul                                   cstackCOMRAM 000001
?___xxtofl                                 cstackCOMRAM 000007
?__div_to_l_                               cstackCOMRAM 000001
?__tdiv_to_l_                              cstackCOMRAM 000001
?_calculateClassProbability                cstackBANK0  0000D2
?_calculateProbability                     cstackBANK0  0000AA
?_eval_poly                                cstackBANK0  000074
?_exp                                      cstackBANK0  00008A
?_floor                                    cstackBANK0  000074
?_frexp                                    cstackCOMRAM 000001
?_fround                                   cstackCOMRAM 000050
?_getAccuracy                              cstackBANK0  0000FA
?_getPrecision                             cstackCOMRAM 000037
?_getRecall                                cstackCOMRAM 000037
?_ldexp                                    cstackBANK0  000084
?_log                                      cstackBANK0  000084
?_pow                                      cstackBANK0  000095
?_predict                                  cstackBANK0  0000EC
?_printf                                   cstackBANK1  000108
?_scale                                    cstackCOMRAM 000050
?_sqrt                                     cstackCOMRAM 000001
OpenUSART@config                           cstackCOMRAM 000003
OpenUSART@spbrg                            cstackCOMRAM 000001
_OpenUSART                                 text18       0003C6
_PIE1bits                                  (abs)        000F9D
_PIR1bits                                  (abs)        000F9E
_RCSTA                                     (abs)        000FAB
_RCSTAbits                                 (abs)        000FAB
_SPBRG                                     (abs)        000FAF
_SPBRGH                                    (abs)        000FB0
_TRISCbits                                 (abs)        000F94
_TXREG                                     (abs)        000FAD
_TXSTA                                     (abs)        000FAC
_TXSTAbits                                 (abs)        000FAC
_UART1Config                               nvCOMRAM     00005F
__CFG_BORV$3                               (abs)        000000
__CFG_FOSC$HS                              (abs)        000000
__CFG_IESO$OFF                             (abs)        000000
__CFG_LPT1OSC$OFF                          (abs)        000000
__CFG_LVP$OFF                              (abs)        000000
__CFG_MCLRE$OFF                            (abs)        000000
__CFG_PBADEN$OFF                           (abs)        000000
__CFG_PWRT$OFF                             (abs)        000000
__CFG_STVREN$ON                            (abs)        000000
__CFG_WDT$OFF                              (abs)        000000
__CFG_WDTPS$32768                          (abs)        000000
__HRAM                                     (abs)        000000
__Habs1                                    abs1         000000
__Hbank0                                   bank0        000000
__Hbank1                                   bank1        000000
__Hbank2                                   bank2        000000
__Hbank3                                   bank3        000000
__Hbank4                                   bank4        000000
__Hbank5                                   bank5        000000
__Hbank6                                   bank6        000000
__Hbank7                                   bank7        000000
__Hbigbss                                  bigbss       000000
__Hbigdata                                 bigdata      000000
__Hbigram                                  bigram       000000
__Hbss                                     bss          000000
__HbssBANK1                                bssBANK1     000000
__HbssBANK2                                bssBANK2     000000
__Hcinit                                   cinit        000000
__Hclrtext                                 clrtext      000000
__Hcomram                                  comram       000000
__Hconfig                                  config       30000E
__Hconst                                   const        000000
__HcstackBANK0                             cstackBANK0  000000
__HcstackBANK1                             cstackBANK1  000000
__HcstackCOMRAM                            cstackCOMRAM 000000
__Hdata                                    data         000000
__Heeprom_data                             eeprom_data  000000
__Hend_init                                end_init     000004
__Hfarbss                                  farbss       000000
__Hfardata                                 fardata      000000
__Hibigdata                                ibigdata     000000
__Hidata                                   idata        000000
__Hidloc                                   idloc        200008
__Hifardata                                ifardata     000000
__Hinit                                    init         000000
__Hintcode                                 intcode      000000
__Hintcode_body                            intcode_body 000000
__Hintcodelo                               intcodelo    000000
__Hintentry                                intentry     000000
__Hintret                                  intret       000000
__Hintsave_regs                            intsave_regs 000000
__Hirdata                                  irdata       000000
__Hmediumconst                             mediumconst  008000
__HnvBANK1                                 nvBANK1      000000
__HnvCOMRAM                                nvCOMRAM     000000
__HnvFARRAM                                nvFARRAM     000000
__Hnvbit                                   nvbit        000000
__Hnvrram                                  nvrram       000000
__Hparam                                   rparam       000000
__Hpowerup                                 powerup      000000
__Hram                                     ram          000000
__Hramtop                                  ramtop       000800
__Hrbit                                    rbit         000000
__Hrbss                                    rbss         000000
__Hrdata                                   rdata        000000
__Hreset_vec                               reset_vec    000000
__Hrparam                                  rparam       000000
__Hsfr                                     sfr          000000
__Hsmallconst                              smallconst   000000
__Hspace_0                                 (abs)        30000E
__Hspace_1                                 (abs)        0002C8
__Hspace_2                                 (abs)        000000
__Hstack                                   stack        000000
__Hstruct                                  struct       000000
__Htemp                                    temp         000000
__Htext                                    text         000000
__Htext0                                   text0        000000
__Htext1                                   text1        000000
__Htext10                                  text10       000000
__Htext11                                  text11       000000
__Htext12                                  text12       000000
__Htext13                                  text13       000000
__Htext14                                  text14       000000
__Htext15                                  text15       000000
__Htext16                                  text16       000000
__Htext17                                  text17       000000
__Htext18                                  text18       000000
__Htext19                                  text19       000000
__Htext2                                   text2        000000
__Htext20                                  text20       000000
__Htext21                                  text21       000000
__Htext22                                  text22       000000
__Htext23                                  text23       000000
__Htext24                                  text24       000000
__Htext25                                  text25       000000
__Htext26                                  text26       000000
__Htext27                                  text27       000000
__Htext28                                  text28       000000
__Htext29                                  text29       000000
__Htext3                                   text3        000000
__Htext30                                  text30       000000
__Htext31                                  text31       000000
__Htext32                                  text32       000000
__Htext33                                  text33       000000
__Htext34                                  text34       000000
__Htext35                                  text35       000000
__Htext36                                  text36       000000
__Htext37                                  text37       000000
__Htext38                                  text38       000000
__Htext39                                  text39       000000
__Htext4                                   text4        000000
__Htext5                                   text5        000000
__Htext6                                   text6        000000
__Htext7                                   text7        000000
__Htext8                                   text8        000000
__Htext9                                   text9        000000
__LRAM                                     (abs)        000001
__Labs1                                    abs1         000000
__Lbank0                                   bank0        000000
__Lbank1                                   bank1        000000
__Lbank2                                   bank2        000000
__Lbank3                                   bank3        000000
__Lbank4                                   bank4        000000
__Lbank5                                   bank5        000000
__Lbank6                                   bank6        000000
__Lbank7                                   bank7        000000
__Lbigbss                                  bigbss       000000
__Lbigdata                                 bigdata      000000
__Lbigram                                  bigram       000000
__Lbss                                     bss          000000
__LbssBANK1                                bssBANK1     000000
__LbssBANK2                                bssBANK2     000000
__Lcinit                                   cinit        000000
__Lclrtext                                 clrtext      000000
__Lcomram                                  comram       000000
__Lconfig                                  config       300000
__Lconst                                   const        000000
__LcstackBANK0                             cstackBANK0  000000
__LcstackBANK1                             cstackBANK1  000000
__LcstackCOMRAM                            cstackCOMRAM 000000
__Ldata                                    data         000000
__Leeprom_data                             eeprom_data  000000
__Lend_init                                end_init     000000
__Lfarbss                                  farbss       000000
__Lfardata                                 fardata      000000
__Libigdata                                ibigdata     000000
__Lidata                                   idata        000000
__Lidloc                                   idloc        200000
__Lifardata                                ifardata     000000
__Linit                                    init         000000
__Lintcode                                 intcode      000000
__Lintcode_body                            intcode_body 000000
__Lintcodelo                               intcodelo    000000
__Lintentry                                intentry     000000
__Lintret                                  intret       000000
__Lintsave_regs                            intsave_regs 000000
__Lirdata                                  irdata       000000
__Lmediumconst                             mediumconst  004186
__LnvBANK1                                 nvBANK1      000000
__LnvCOMRAM                                nvCOMRAM     000000
__LnvFARRAM                                nvFARRAM     000000
__Lnvbit                                   nvbit        000000
__Lnvrram                                  nvrram       000000
__Lparam                                   rparam       000000
__Lpowerup                                 powerup      000000
__Lram                                     ram          000000
__Lramtop                                  ramtop       000800
__Lrbit                                    rbit         000000
__Lrbss                                    rbss         000000
__Lrdata                                   rdata        000000
__Lreset_vec                               reset_vec    000000
__Lrparam                                  rparam       000000
__Lsfr                                     sfr          000000
__Lsmallconst                              smallconst   000000
__Lspace_0                                 (abs)        000000
__Lspace_1                                 (abs)        000000
__Lspace_2                                 (abs)        000000
__Lstack                                   stack        000000
__Lstruct                                  struct       000000
__Ltemp                                    temp         000000
__Ltext                                    text         000000
__Ltext0                                   text0        000000
__Ltext1                                   text1        000000
__Ltext10                                  text10       000000
__Ltext11                                  text11       000000
__Ltext12                                  text12       000000
__Ltext13                                  text13       000000
__Ltext14                                  text14       000000
__Ltext15                                  text15       000000
__Ltext16                                  text16       000000
__Ltext17                                  text17       000000
__Ltext18                                  text18       000000
__Ltext19                                  text19       000000
__Ltext2                                   text2        000000
__Ltext20                                  text20       000000
__Ltext21                                  text21       000000
__Ltext22                                  text22       000000
__Ltext23                                  text23       000000
__Ltext24                                  text24       000000
__Ltext25                                  text25       000000
__Ltext26                                  text26       000000
__Ltext27                                  text27       000000
__Ltext28                                  text28       000000
__Ltext29                                  text29       000000
__Ltext3                                   text3        000000
__Ltext30                                  text30       000000
__Ltext31                                  text31       000000
__Ltext32                                  text32       000000
__Ltext33                                  text33       000000
__Ltext34                                  text34       000000
__Ltext35                                  text35       000000
__Ltext36                                  text36       000000
__Ltext37                                  text37       000000
__Ltext38                                  text38       000000
__Ltext39                                  text39       000000
__Ltext4                                   text4        000000
__Ltext5                                   text5        000000
__Ltext6                                   text6        000000
__Ltext7                                   text7        000000
__Ltext8                                   text8        000000
__Ltext9                                   text9        000000
__S0                                       (abs)        30000E
__S1                                       (abs)        0002C8
__S2                                       (abs)        000000
___awdiv                                   text12       00057E
___awdiv@counter                           cstackCOMRAM 00000B
___awdiv@dividend                          cstackCOMRAM 000007
___awdiv@divisor                           cstackCOMRAM 000009
___awdiv@quotient                          cstackCOMRAM 00000D
___awdiv@sign                              cstackCOMRAM 00000C
___awmod                                   text11       00048C
___awmod@counter                           cstackCOMRAM 000005
___awmod@dividend                          cstackCOMRAM 000001
___awmod@divisor                           cstackCOMRAM 000003
___awmod@sign                              cstackCOMRAM 000006
___fladd                                   text36       0030F8
___fladd@a                                 cstackBANK0  000064
___fladd@aexp                              cstackBANK0  000071
___fladd@b                                 cstackBANK0  000060
___fladd@bexp                              cstackBANK0  000072
___fladd@grs                               cstackBANK0  000073
___fladd@signs                             cstackBANK0  000070
___fldiv                                   text38       002418
___fldiv@a                                 cstackCOMRAM 000022
___fldiv@aexp                              cstackCOMRAM 000036
___fldiv@b                                 cstackCOMRAM 00001E
___fldiv@bexp                              cstackCOMRAM 000035
___fldiv@grs                               cstackCOMRAM 000031
___fldiv@new_exp                           cstackCOMRAM 00002F
___fldiv@rem                               cstackCOMRAM 00002B
___fldiv@sign                              cstackCOMRAM 00002A
___flge                                    text32       000E68
___flge@ff1                                cstackCOMRAM 000001
___flge@ff2                                cstackCOMRAM 000005
___flmul                                   text34       002990
___flmul@a                                 cstackCOMRAM 00003B
___flmul@aexp                              cstackCOMRAM 000048
___flmul@b                                 cstackCOMRAM 000037
___flmul@bexp                              cstackCOMRAM 000049
___flmul@grs                               cstackCOMRAM 000044
___flmul@prod                              cstackCOMRAM 00004A
___flmul@sign                              cstackCOMRAM 000043
___flmul@temp                              cstackCOMRAM 00004E
___flneg                                   text37       00030E
___flneg@f1                                cstackCOMRAM 000001
___flsub                                   text35       00037E
___flsub@a                                 cstackBANK0  000078
___flsub@b                                 cstackBANK0  000074
___fltol                                   text31       000764
___fltol@exp1                              cstackCOMRAM 00005E
___fltol@f1                                cstackCOMRAM 000059
___fltol@sign1                             cstackCOMRAM 00005D
___inthi_sp                                stack        000000
___intlo_sp                                stack        000000
___lldiv                                   text16       0004FC
___lldiv@counter                           cstackCOMRAM 00000D
___lldiv@dividend                          cstackCOMRAM 000001
___lldiv@divisor                           cstackCOMRAM 000005
___lldiv@quotient                          cstackCOMRAM 000009
___llmod                                   text15       000426
___llmod@counter                           cstackCOMRAM 000016
___llmod@dividend                          cstackCOMRAM 00000E
___llmod@divisor                           cstackCOMRAM 000012
___param_bank                              (abs)        000010
___rparam_used                             (abs)        000001
___sp                                      stack        000000
___wmul                                    text39       0002E8
___wmul@multiplicand                       cstackCOMRAM 000003
___wmul@multiplier                         cstackCOMRAM 000001
___wmul@product                            cstackCOMRAM 000005
___xxtofl                                  text30       00132A
___xxtofl@arg                              cstackCOMRAM 000011
___xxtofl@exp                              cstackCOMRAM 000010
___xxtofl@sign                             cstackCOMRAM 00000F
___xxtofl@val                              cstackCOMRAM 000007
__accesstop                                (abs)        000060
__activetblptr                             (abs)        000002
__div_to_l_                                text14       000F88
__div_to_l_@cntr                           cstackCOMRAM 00000D
__div_to_l_@exp1                           cstackCOMRAM 00000E
__div_to_l_@f1                             cstackCOMRAM 000001
__div_to_l_@f2                             cstackCOMRAM 000005
__div_to_l_@quot                           cstackCOMRAM 000009
__end_of_OpenUSART                         text18       000426
__end_of___awdiv                           text12       000602
__end_of___awmod                           text11       0004FC
__end_of___fladd                           text36       0035A0
__end_of___fldiv                           text38       0026CC
__end_of___flge                            text32       000F88
__end_of___flmul                           text34       002CE0
__end_of___flneg                           text37       00033C
__end_of___flsub                           text35       0003C6
__end_of___fltol                           text31       000844
__end_of___lldiv                           text16       00057E
__end_of___llmod                           text15       00048C
__end_of___wmul                            text39       00030E
__end_of___xxtofl                          text30       00147A
__end_of__div_to_l_                        text14       0010B0
__end_of__initialization                   cinit        0002C0
__end_of__npowers_                         mediumconst  00597B
__end_of__powers_                          mediumconst  0059AF
__end_of__tdiv_to_l_                       text13       0011E2
__end_of_calculateClassProbability         text21       001AEC
__end_of_calculateMetrics                  text19       001910
__end_of_calculateProbability              text22       001F12
__end_of_dpowers                           mediumconst  0059D7
__end_of_eval_poly                         text33       000D4A
__end_of_exp                               text26       002418
__end_of_floor                             text28       000E68
__end_of_frexp                             text29       00069C
__end_of_fround                            text10       00218C
__end_of_getAccuracy                       text4        00132A
__end_of_getPrecision                      text3        000A2E
__end_of_getRecall                         text2        000B30
__end_of_init_uart                         text17       0002AE
__end_of_isdigit                           text9        0002E8
__end_of_ldexp                             text27       000C3A
__end_of_log                               text25       001758
__end_of_main                              text0        00037E
__end_of_means                             mediumconst  004D67
__end_of_pow                               text24       001CE0
__end_of_predict                           text20       000764
__end_of_printConfusionMatrix              text5        0015DA
__end_of_printMetrics                      text1        00092C
__end_of_printf                            text6        004186
__end_of_putch                             text8        000292
__end_of_scale                             text7        0030F8
__end_of_sqrt                              text23       002990
__end_of_stdevs                            mediumconst  005947
__end_of_testSet                           mediumconst  007D77
__end_ofexp@coeff                          mediumconst  007D9F
__end_oflog@coeff                          mediumconst  007DC3
__initialization                           cinit        0002AE
__mediumconst                              mediumconst  004186
__npowers_                                 mediumconst  005947
__pbssBANK1                                bssBANK1     00013D
__pbssBANK2                                bssBANK2     000200
__pcinit                                   cinit        0002AE
__pcstackBANK0                             cstackBANK0  000060
__pcstackBANK1                             cstackBANK1  000100
__pcstackCOMRAM                            cstackCOMRAM 000001
__pmediumconst                             mediumconst  004186
__pnvBANK1                                 nvBANK1      00013F
__pnvCOMRAM                                nvCOMRAM     00005F
__powers_                                  mediumconst  00597B
__ptext0                                   text0        00033C
__ptext1                                   text1        000844
__ptext10                                  text10       001F12
__ptext11                                  text11       00048C
__ptext12                                  text12       00057E
__ptext13                                  text13       0010B0
__ptext14                                  text14       000F88
__ptext15                                  text15       000426
__ptext16                                  text16       0004FC
__ptext17                                  text17       000292
__ptext18                                  text18       0003C6
__ptext19                                  text19       001758
__ptext2                                   text2        000A2E
__ptext20                                  text20       00069C
__ptext21                                  text21       001910
__ptext22                                  text22       001CE0
__ptext23                                  text23       0026CC
__ptext24                                  text24       001AEC
__ptext25                                  text25       0015DA
__ptext26                                  text26       00218C
__ptext27                                  text27       000B30
__ptext28                                  text28       000D4A
__ptext29                                  text29       000602
__ptext3                                   text3        00092C
__ptext30                                  text30       00132A
__ptext31                                  text31       000764
__ptext32                                  text32       000E68
__ptext33                                  text33       000C3A
__ptext34                                  text34       002990
__ptext35                                  text35       00037E
__ptext36                                  text36       0030F8
__ptext37                                  text37       00030E
__ptext38                                  text38       002418
__ptext39                                  text39       0002E8
__ptext4                                   text4        0011E2
__ptext5                                   text5        00147A
__ptext6                                   text6        0035A0
__ptext7                                   text7        002CE0
__ptext8                                   text8        000286
__ptext9                                   text9        0002CA
__ramtop                                   ramtop       000800
__size_of_OpenUSART                        (abs)        000000
__size_of___awdiv                          (abs)        000000
__size_of___awmod                          (abs)        000000
__size_of___fladd                          (abs)        000000
__size_of___fldiv                          (abs)        000000
__size_of___flge                           (abs)        000000
__size_of___flmul                          (abs)        000000
__size_of___flneg                          (abs)        000000
__size_of___flsub                          (abs)        000000
__size_of___fltol                          (abs)        000000
__size_of___lldiv                          (abs)        000000
__size_of___llmod                          (abs)        000000
__size_of___wmul                           (abs)        000000
__size_of___xxtofl                         (abs)        000000
__size_of__div_to_l_                       (abs)        000000
__size_of__tdiv_to_l_                      (abs)        000000
__size_of_calculateClassProbability        (abs)        000000
__size_of_calculateMetrics                 (abs)        000000
__size_of_calculateProbability             (abs)        000000
__size_of_eval_poly                        (abs)        000000
__size_of_exp                              (abs)        000000
__size_of_floor                            (abs)        000000
__size_of_frexp                            (abs)        000000
__size_of_fround                           (abs)        000000
__size_of_getAccuracy                      (abs)        000000
__size_of_getPrecision                     (abs)        000000
__size_of_getRecall                        (abs)        000000
__size_of_init_uart                        (abs)        000000
__size_of_isdigit                          (abs)        000000
__size_of_ldexp                            (abs)        000000
__size_of_log                              (abs)        000000
__size_of_main                             (abs)        000000
__size_of_pow                              (abs)        000000
__size_of_predict                          (abs)        000000
__size_of_printConfusionMatrix             (abs)        000000
__size_of_printMetrics                     (abs)        000000
__size_of_printf                           (abs)        000000
__size_of_putch                            (abs)        000000
__size_of_scale                            (abs)        000000
__size_of_sqrt                             (abs)        000000
__smallconst                               smallconst   000000
__tdiv_to_l_                               text13       0010B0
__tdiv_to_l_@cntr                          cstackCOMRAM 000010
__tdiv_to_l_@exp1                          cstackCOMRAM 000011
__tdiv_to_l_@f1                            cstackCOMRAM 000001
__tdiv_to_l_@f2                            cstackCOMRAM 000005
__tdiv_to_l_@quot                          cstackCOMRAM 00000C
_baud                                      nvBANK1      00013F
_calculateClassProbability                 text21       001910
_calculateClassProbability$1381            cstackBANK0  0000E2
_calculateMetrics                          text19       001758
_calculateMetrics$1382                     cstackBANK1  000102
_calculateMetrics$1383                     cstackBANK1  000104
_calculateProbability                      text22       001CE0
_calculateProbability$1376                 cstackBANK0  0000BA
_calculateProbability$1377                 cstackBANK0  0000BE
_calculateProbability$1378                 cstackBANK0  0000C2
_calculateProbability$1379                 cstackBANK0  0000C6
_calculateProbability$1380                 cstackBANK0  0000CA
_confusionMatrix                           bssBANK2     000200
_dpowers                                   mediumconst  0059AF
_errno                                     bssBANK1     00013D
_eval_poly                                 text33       000C3A
_exp                                       text26       00218C
_exp$1395                                  cstackBANK0  00008E
_floor                                     text28       000D4A
_frexp                                     text29       000602
_fround                                    text10       001F12
_fround$1391                               cstackCOMRAM 000058
_fround$1392                               cstackCOMRAM 000054
_getAccuracy                               text4        0011E2
_getAccuracy$1384                          cstackBANK1  000102
_getPrecision                              text3        00092C
_getRecall                                 text2        000A2E
_init_uart                                 text17       000292
_isdigit                                   text9        0002CA
_isdigit$959                               cstackCOMRAM 000002
_ldexp                                     text27       000B30
_log                                       text25       0015DA
_main                                      text0        00033C
_means                                     mediumconst  004187
_pow                                       text24       001AEC
_pow$1397                                  cstackBANK0  00009D
_pow$1398                                  cstackBANK0  0000A1
_predict                                   text20       00069C
_printConfusionMatrix                      text5        00147A
_printConfusionMatrix$1388                 cstackBANK1  000137
_printMetrics                              text1        000844
_printf                                    text6        0035A0
_printf$1394                               cstackBANK1  000116
_putch                                     text8        000286
_scale                                     text7        002CE0
_scale$1393                                cstackCOMRAM 000054
_sqrt                                      text23       0026CC
_stdevs                                    mediumconst  004D67
_testSet                                   mediumconst  0059D7
calculateClassProbability@classNumber      cstackBANK0  0000D2
calculateClassProbability@classProbability cstackBANK0  0000E6
calculateClassProbability@i                cstackBANK0  0000EA
calculateClassProbability@inputVector      cstackBANK0  0000D4
calculateMetrics@i                         cstackBANK1  000108
calculateMetrics@j                         cstackBANK1  000106
calculateMetrics@prediction                cstackBANK1  000100
calculateProbability@exponent              cstackBANK0  0000B6
calculateProbability@mean                  cstackBANK0  0000AE
calculateProbability@res                   cstackBANK0  0000CE
calculateProbability@stdev                 cstackBANK0  0000B2
calculateProbability@x                     cstackBANK0  0000AA
end_of_initialization                      cinit        0002C0
eval_poly@d                                cstackBANK0  000078
eval_poly@n                                cstackBANK0  00007A
eval_poly@res                              cstackBANK0  000080
eval_poly@x                                cstackBANK0  000074
exp@coeff                                  mediumconst  007D77
exp@exponent                               cstackBANK0  000092
exp@sign                                   cstackBANK0  000094
exp@x                                      cstackBANK0  00008A
floor@expon                                cstackBANK0  00007C
floor@i                                    cstackBANK0  000078
floor@x                                    cstackBANK0  000074
frexp@eptr                                 cstackCOMRAM 000005
frexp@value                                cstackCOMRAM 000001
fround@prec                                cstackCOMRAM 00005C
getAccuracy@correct                        cstackBANK1  000104
getAccuracy@i                              cstackBANK1  000106
getAccuracy@prediction                     cstackBANK1  000100
getPrecision@class                         cstackCOMRAM 000037
getPrecision@i                             cstackCOMRAM 000041
getPrecision@sum                           cstackCOMRAM 00003F
getRecall@class                            cstackCOMRAM 000037
getRecall@i                                cstackCOMRAM 000041
getRecall@sum                              cstackCOMRAM 00003F
intlevel0                                  text         000000
intlevel1                                  text         000000
intlevel2                                  text         000000
intlevel3                                  text         000000
isdigit@c                                  cstackCOMRAM 000003
ldexp@newexp                               cstackBANK0  000088
ldexp@value                                cstackBANK0  000084
log@coeff                                  mediumconst  007D9F
log@exponent                               cstackCOMRAM 00005D
log@x                                      cstackBANK0  000084
pow@sign                                   cstackBANK0  0000A5
pow@x                                      cstackBANK0  000095
pow@y                                      cstackBANK0  000099
pow@yi                                     cstackBANK0  0000A6
predict@bestLabel                          cstackBANK0  0000F6
predict@bestProb                           cstackBANK0  0000EE
predict@classProb                          cstackBANK0  0000F2
predict@i                                  cstackBANK0  0000F8
predict@inputVector                        cstackBANK0  0000EC
printConfusionMatrix@i                     cstackBANK1  00013B
printConfusionMatrix@j                     cstackBANK1  000139
printMetrics@i                             cstackBANK1  000135
printf@ap                                  cstackBANK1  00011C
printf@c                                   cstackBANK1  000134
printf@cp                                  cstackBANK1  00011A
printf@exp                                 cstackBANK1  00012A
printf@f                                   cstackBANK1  000108
printf@flag                                cstackBANK1  000120
printf@fval                                cstackBANK1  00012E
printf@len                                 cstackBANK1  00011E
printf@prec                                cstackBANK1  000132
printf@tmpval                              cstackBANK1  000122
printf@val                                 cstackBANK1  000126
printf@width                               cstackBANK1  00012C
putch@data                                 cstackCOMRAM 000001
scale@scl                                  cstackCOMRAM 000058
sqrt@a                                     cstackCOMRAM 000001
sqrt@exp                                   cstackCOMRAM 000014
sqrt@frac                                  cstackCOMRAM 00001A
sqrt@grs                                   cstackCOMRAM 000010
sqrt@i                                     cstackCOMRAM 00000A
sqrt@p                                     cstackCOMRAM 00000F
sqrt@root                                  cstackCOMRAM 000016
sqrt@sign                                  cstackCOMRAM 000009
sqrt@tfrac                                 cstackCOMRAM 00000B
stackhi                                    (abs)        0007FF
stacklo                                    (abs)        0002C8
start                                      init         000000
start_initialization                       cinit        0002AE


FUNCTION INFORMATION:

 *************** function _main *****************
 Defined at:
		line 40 in file "src/main.c"
 Parameters:    Size  Location     Type
		None
 Auto vars:     Size  Location     Type
		None
 Return value:  Size  Location     Type
                  1    wreg      void 
 Registers used:
		wreg, fsr2l, fsr2h, status,2, status,0, tblptrl, tblptrh, tblptru, prodl, prodh, cstack
 Tracked objects:
		On entry : 
		On exit  : 
		Unchanged: 
 Data sizes:     COMRAM   BANK0   BANK1   BANK2   BANK3   BANK4   BANK5   BANK6   BANK7
      Params:         0       0       0       0       0       0       0       0       0
      Locals:         0       0       0       0       0       0       0       0       0
      Temps:          0       0       0       0       0       0       0       0       0
      Totals:         0       0       0       0       0       0       0       0       0
Total ram usage:        0 bytes
 Hardware stack levels required when called:    9
 This function calls:
		_calculateMetrics
		_init_uart
		_printConfusionMatrix
		_printMetrics
		_printf
 This function is called by:
		Startup code after reset
 This function uses a non-reentrant model


 *************** function _printMetrics *****************
 Defined at:
		line 200 in file "src/prediction.c"
 Parameters:    Size  Location     Type
		None
 Auto vars:     Size  Location     Type
  i               2   53[BANK1 ] int 
 Return value:  Size  Location     Type
                  2   18[None  ] int 
 Registers used:
		wreg, fsr2l, fsr2h, status,2, status,0, tblptrl, tblptrh, tblptru, prodl, prodh, cstack
 Tracked objects:
		On entry : 
		On exit  : 
		Unchanged: 
 Data sizes:     COMRAM   BANK0   BANK1   BANK2   BANK3   BANK4   BANK5   BANK6   BANK7
      Params:         0       0       0       0       0       0       0       0       0
      Locals:         0       0       2       0       0       0       0       0       0
      Temps:          0       0       0       0       0       0       0       0       0
      Totals:         0       0       2       0       0       0       0       0       0
Total ram usage:        2 bytes
 Hardware stack levels used:    1
 Hardware stack levels required when called:    8
 This function calls:
		_getAccuracy
		_getPrecision
		_getRecall
		_printf
 This function is called by:
		_main
 This function uses a non-reentrant model


 *************** function _getRecall *****************
 Defined at:
		line 167 in file "src/prediction.c"
 Parameters:    Size  Location     Type
  class           2   54[COMRAM] int 
 Auto vars:     Size  Location     Type
  i               2   64[COMRAM] int 
  sum             2   62[COMRAM] int 
 Return value:  Size  Location     Type
                  4   54[COMRAM] float 
 Registers used:
		wreg, fsr2l, fsr2h, status,2, status,0, prodl, prodh, cstack
 Tracked objects:
		On entry : 
		On exit  : 
		Unchanged: 
 Data sizes:     COMRAM   BANK0   BANK1   BANK2   BANK3   BANK4   BANK5   BANK6   BANK7
      Params:         4       0       0       0       0       0       0       0       0
      Locals:         4       0       0       0       0       0       0       0       0
      Temps:          4       0       0       0       0       0       0       0       0
      Totals:        12       0       0       0       0       0       0       0       0
Total ram usage:       12 bytes
 Hardware stack levels used:    1
 Hardware stack levels required when called:    1
 This function calls:
		___fldiv
		___wmul
		___xxtofl
 This function is called by:
		_printMetrics
 This function uses a non-reentrant model


 *************** function _getPrecision *****************
 Defined at:
		line 186 in file "src/prediction.c"
 Parameters:    Size  Location     Type
  class           2   54[COMRAM] int 
 Auto vars:     Size  Location     Type
  i               2   64[COMRAM] int 
  sum             2   62[COMRAM] int 
 Return value:  Size  Location     Type
                  4   54[COMRAM] float 
 Registers used:
		wreg, fsr2l, fsr2h, status,2, status,0, prodl, prodh, cstack
 Tracked objects:
		On entry : 
		On exit  : 
		Unchanged: 
 Data sizes:     COMRAM   BANK0   BANK1   BANK2   BANK3   BANK4   BANK5   BANK6   BANK7
      Params:         4       0       0       0       0       0       0       0       0
      Locals:         4       0       0       0       0       0       0       0       0
      Temps:          4       0       0       0       0       0       0       0       0
      Totals:        12       0       0       0       0       0       0       0       0
Total ram usage:       12 bytes
 Hardware stack levels used:    1
 Hardware stack levels required when called:    1
 This function calls:
		___fldiv
		___wmul
		___xxtofl
 This function is called by:
		_printMetrics
 This function uses a non-reentrant model


 *************** function _getAccuracy *****************
 Defined at:
		line 136 in file "src/prediction.c"
 Parameters:    Size  Location     Type
		None
 Auto vars:     Size  Location     Type
  i               2    6[BANK1 ] int 
  correct         2    4[BANK1 ] int 
  prediction      2    0[BANK1 ] int 
 Return value:  Size  Location     Type
                  4  154[BANK0 ] float 
 Registers used:
		wreg, fsr2l, fsr2h, status,2, status,0, tblptrl, tblptrh, tblptru, prodl, prodh, cstack
 Tracked objects:
		On entry : 
		On exit  : 
		Unchanged: 
 Data sizes:     COMRAM   BANK0   BANK1   BANK2   BANK3   BANK4   BANK5   BANK6   BANK7
      Params:         0       4       0       0       0       0       0       0       0
      Locals:         0       0       8       0       0       0       0       0       0
      Temps:          0       2       0       0       0       0       0       0       0
      Totals:         0       6       8       0       0       0       0       0       0
Total ram usage:       14 bytes
 Hardware stack levels used:    1
 Hardware stack levels required when called:    7
 This function calls:
		___fldiv
		___flmul
		___fltol
		___wmul
		___xxtofl
		_predict
 This function is called by:
		_printMetrics
		_getCrossAccuracy
 This function uses a non-reentrant model


 *************** function _printConfusionMatrix *****************
 Defined at:
		line 51 in file "src/util.c"
 Parameters:    Size  Location     Type
		None
 Auto vars:     Size  Location     Type
  i               2   59[BANK1 ] int 
  j               2   57[BANK1 ] int 
 Return value:  Size  Location     Type
                  2   16[None  ] int 
 Registers used:
		wreg, fsr2l, fsr2h, status,2, status,0, tblptrl, tblptrh, tblptru, prodl, prodh, cstack
 Tracked objects:
		On entry : 
		On exit  : 
		Unchanged: 
 Data sizes:     COMRAM   BANK0   BANK1   BANK2   BANK3   BANK4   BANK5   BANK6   BANK7
      Params:         0       0       0       0       0       0       0       0       0
      Locals:         0       0       6       0       0       0       0       0       0
      Temps:          0       0       2       0       0       0       0       0       0
      Totals:         0       0       8       0       0       0       0       0       0
Total ram usage:        8 bytes
 Hardware stack levels used:    1
 Hardware stack levels required when called:    3
 This function calls:
		___wmul
		_printf
 This function is called by:
		_main
 This function uses a non-reentrant model


 *************** function _printf *****************
 Defined at:
		line 464 in file "C:\Program Files (x86)\Microchip\xc8\v1.37\sources\common\doprnt.c"
 Parameters:    Size  Location     Type
  f               2    8[BANK1 ] PTR const unsigned char 
		 -> STR_29(7), STR_28(16), STR_27(15), STR_26(21), 
		 -> STR_25(58), STR_24(75), STR_23(8), STR_22(2), 
		 -> STR_21(8), STR_20(11), STR_19(2), STR_18(8), 
		 -> STR_17(11), STR_16(68), STR_15(2), STR_14(18), 
		 -> STR_13(12), STR_12(2), STR_11(3), STR_10(3), 
		 -> STR_9(51), STR_8(2), STR_7(14), STR_6(17), 
		 -> STR_5(22), STR_4(69), STR_3(18), STR_2(27), 
		 -> STR_1(21), 
 Auto vars:     Size  Location     Type
  fval            4   46[BANK1 ] PTR const unsigned char 
  val             4   38[BANK1 ] unsigned long 
  tmpval          4   34[BANK1 ] struct .
  prec            2   50[BANK1 ] int 
  width           2   44[BANK1 ] int 
  exp             2   42[BANK1 ] int 
  flag            2   32[BANK1 ] unsigned short 
  len             2   30[BANK1 ] unsigned int 
  ap              2   28[BANK1 ] PTR void [1]
		 -> ?_printf(2), 
  cp              2   26[BANK1 ] PTR const unsigned char 
		 -> printf@c(1), 
  c               1   52[BANK1 ] char 
  d               1    0        unsigned char 
 Return value:  Size  Location     Type
                  2    8[BANK1 ] int 
 Registers used:
		wreg, fsr2l, fsr2h, status,2, status,0, tblptrl, tblptrh, tblptru, prodl, prodh, cstack
 Tracked objects:
		On entry : 
		On exit  : 
		Unchanged: 
 Data sizes:     COMRAM   BANK0   BANK1   BANK2   BANK3   BANK4   BANK5   BANK6   BANK7
      Params:         0       0      10       0       0       0       0       0       0
      Locals:         0       0      31       0       0       0       0       0       0
      Temps:          0       0       4       0       0       0       0       0       0
      Totals:         0       0      45       0       0       0       0       0       0
Total ram usage:       45 bytes
 Hardware stack levels used:    1
 Hardware stack levels required when called:    2
 This function calls:
		___awdiv
		___fladd
		___flge
		___flmul
		___flneg
		___flsub
		___fltol
		___lldiv
		___llmod
		___wmul
		___xxtofl
		__div_to_l_
		__tdiv_to_l_
		_fround
		_isdigit
		_putch
		_scale
 This function is called by:
		_main
		_printMetrics
		_printConfusionMatrix
		_printTestset
		_printSummaries
		_printTestSetLine
		_showOff
		_getCrossAccuracy
 This function uses a non-reentrant model


 *************** function _scale *****************
 Defined at:
		line 425 in file "C:\Program Files (x86)\Microchip\xc8\v1.37\sources\common\doprnt.c"
 Parameters:    Size  Location     Type
  scl             1    wreg     char 
 Auto vars:     Size  Location     Type
  scl             1   87[COMRAM] char 
 Return value:  Size  Location     Type
                  4   79[COMRAM] char 
 Registers used:
		wreg, status,2, status,0, tblptrl, tblptrh, tblptru, prodl, prodh, cstack
 Tracked objects:
		On entry : 
		On exit  : 
		Unchanged: 
 Data sizes:     COMRAM   BANK0   BANK1   BANK2   BANK3   BANK4   BANK5   BANK6   BANK7
      Params:         4       0       0       0       0       0       0       0       0
      Locals:         5       0       0       0       0       0       0       0       0
      Temps:          0       0       0       0       0       0       0       0       0
      Totals:         9       0       0       0       0       0       0       0       0
Total ram usage:        9 bytes
 Hardware stack levels used:    1
 Hardware stack levels required when called:    1
 This function calls:
		___awdiv
		___awmod
		___flmul
 This function is called by:
		_printf
 This function uses a non-reentrant model


 *************** function _putch *****************
 Defined at:
		line 24 in file "src/main.c"
 Parameters:    Size  Location     Type
  data            1    wreg     unsigned char 
 Auto vars:     Size  Location     Type
  data            1    0[COMRAM] unsigned char 
 Return value:  Size  Location     Type
                  1    wreg      void 
 Registers used:
		wreg
 Tracked objects:
		On entry : 
		On exit  : 
		Unchanged: 
 Data sizes:     COMRAM   BANK0   BANK1   BANK2   BANK3   BANK4   BANK5   BANK6   BANK7
      Params:         0       0       0       0       0       0       0       0       0
      Locals:         1       0       0       0       0       0       0       0       0
      Temps:          0       0       0       0       0       0       0       0       0
      Totals:         1       0       0       0       0       0       0       0       0
Total ram usage:        1 bytes
 Hardware stack levels used:    1
 This function calls:
		Nothing
 This function is called by:
		_printf
 This function uses a non-reentrant model


 *************** function _isdigit *****************
 Defined at:
		line 8 in file "C:\Program Files (x86)\Microchip\xc8\v1.37\sources\common\isdigit.c"
 Parameters:    Size  Location     Type
  c               1    wreg     unsigned char 
 Auto vars:     Size  Location     Type
  c               1    2[COMRAM] unsigned char 
 Return value:  Size  Location     Type
		None               void
 Registers used:
		wreg, status,2, status,0
 Tracked objects:
		On entry : 
		On exit  : 
		Unchanged: 
 Data sizes:     COMRAM   BANK0   BANK1   BANK2   BANK3   BANK4   BANK5   BANK6   BANK7
      Params:         0       0       0       0       0       0       0       0       0
      Locals:         2       0       0       0       0       0       0       0       0
      Temps:          1       0       0       0       0       0       0       0       0
      Totals:         3       0       0       0       0       0       0       0       0
Total ram usage:        3 bytes
 Hardware stack levels used:    1
 This function calls:
		Nothing
 This function is called by:
		_printf
 This function uses a non-reentrant model


 *************** function _fround *****************
 Defined at:
		line 409 in file "C:\Program Files (x86)\Microchip\xc8\v1.37\sources\common\doprnt.c"
 Parameters:    Size  Location     Type
  prec            1    wreg     unsigned char 
 Auto vars:     Size  Location     Type
  prec            1   91[COMRAM] unsigned char 
 Return value:  Size  Location     Type
                  4   79[COMRAM] unsigned char 
 Registers used:
		wreg, status,2, status,0, tblptrl, tblptrh, tblptru, prodl, prodh, cstack
 Tracked objects:
		On entry : 
		On exit  : 
		Unchanged: 
 Data sizes:     COMRAM   BANK0   BANK1   BANK2   BANK3   BANK4   BANK5   BANK6   BANK7
      Params:         4       0       0       0       0       0       0       0       0
      Locals:         9       0       0       0       0       0       0       0       0
      Temps:          0       0       0       0       0       0       0       0       0
      Totals:        13       0       0       0       0       0       0       0       0
Total ram usage:       13 bytes
 Hardware stack levels used:    1
 Hardware stack levels required when called:    1
 This function calls:
		___awdiv
		___awmod
		___flmul
 This function is called by:
		_printf
 This function uses a non-reentrant model


 *************** function ___awmod *****************
 Defined at:
		line 8 in file "C:\Program Files (x86)\Microchip\xc8\v1.37\sources\common\awmod.c"
 Parameters:    Size  Location     Type
  dividend        2    0[COMRAM] int 
  divisor         2    2[COMRAM] int 
 Auto vars:     Size  Location     Type
  sign            1    5[COMRAM] unsigned char 
  counter         1    4[COMRAM] unsigned char 
 Return value:  Size  Location     Type
                  2    0[COMRAM] int 
 Registers used:
		wreg, status,2, status,0
 Tracked objects:
		On entry : 
		On exit  : 
		Unchanged: 
 Data sizes:     COMRAM   BANK0   BANK1   BANK2   BANK3   BANK4   BANK5   BANK6   BANK7
      Params:         4       0       0       0       0       0       0       0       0
      Locals:         2       0       0       0       0       0       0       0       0
      Temps:          0       0       0       0       0       0       0       0       0
      Totals:         6       0       0       0       0       0       0       0       0
Total ram usage:        6 bytes
 Hardware stack levels used:    1
 This function calls:
		Nothing
 This function is called by:
		_fround
		_scale
 This function uses a non-reentrant model


 *************** function ___awdiv *****************
 Defined at:
		line 8 in file "C:\Program Files (x86)\Microchip\xc8\v1.37\sources\common\awdiv.c"
 Parameters:    Size  Location     Type
  dividend        2    6[COMRAM] int 
  divisor         2    8[COMRAM] int 
 Auto vars:     Size  Location     Type
  quotient        2   12[COMRAM] int 
  sign            1   11[COMRAM] unsigned char 
  counter         1   10[COMRAM] unsigned char 
 Return value:  Size  Location     Type
                  2    6[COMRAM] int 
 Registers used:
		wreg, status,2, status,0
 Tracked objects:
		On entry : 
		On exit  : 
		Unchanged: 
 Data sizes:     COMRAM   BANK0   BANK1   BANK2   BANK3   BANK4   BANK5   BANK6   BANK7
      Params:         4       0       0       0       0       0       0       0       0
      Locals:         4       0       0       0       0       0       0       0       0
      Temps:          0       0       0       0       0       0       0       0       0
      Totals:         8       0       0       0       0       0       0       0       0
Total ram usage:        8 bytes
 Hardware stack levels used:    1
 This function calls:
		Nothing
 This function is called by:
		_fround
		_scale
		_printf
 This function uses a non-reentrant model


 *************** function __tdiv_to_l_ *****************
 Defined at:
		line 60 in file "C:\Program Files (x86)\Microchip\xc8\v1.37\sources\common\ftdivl.c"
 Parameters:    Size  Location     Type
  f1              4    0[COMRAM] float 
  f2              4    4[COMRAM] float 
 Auto vars:     Size  Location     Type
  quot            4   11[COMRAM] unsigned long 
  exp1            1   16[COMRAM] unsigned char 
  cntr            1   15[COMRAM] unsigned char 
 Return value:  Size  Location     Type
                  4    0[COMRAM] unsigned long 
 Registers used:
		wreg, status,2, status,0
 Tracked objects:
		On entry : 
		On exit  : 
		Unchanged: 
 Data sizes:     COMRAM   BANK0   BANK1   BANK2   BANK3   BANK4   BANK5   BANK6   BANK7
      Params:         8       0       0       0       0       0       0       0       0
      Locals:         6       0       0       0       0       0       0       0       0
      Temps:          3       0       0       0       0       0       0       0       0
      Totals:        17       0       0       0       0       0       0       0       0
Total ram usage:       17 bytes
 Hardware stack levels used:    1
 This function calls:
		Nothing
 This function is called by:
		_printf
 This function uses a non-reentrant model


 *************** function __div_to_l_ *****************
 Defined at:
		line 60 in file "C:\Program Files (x86)\Microchip\xc8\v1.37\sources\common\fldivl.c"
 Parameters:    Size  Location     Type
  f1              4    0[COMRAM] unsigned long 
  f2              4    4[COMRAM] unsigned long 
 Auto vars:     Size  Location     Type
  quot            4    8[COMRAM] unsigned long 
  exp1            1   13[COMRAM] unsigned char 
  cntr            1   12[COMRAM] unsigned char 
 Return value:  Size  Location     Type
                  4    0[COMRAM] unsigned long 
 Registers used:
		wreg, status,2, status,0
 Tracked objects:
		On entry : 
		On exit  : 
		Unchanged: 
 Data sizes:     COMRAM   BANK0   BANK1   BANK2   BANK3   BANK4   BANK5   BANK6   BANK7
      Params:         8       0       0       0       0       0       0       0       0
      Locals:         6       0       0       0       0       0       0       0       0
      Temps:          0       0       0       0       0       0       0       0       0
      Totals:        14       0       0       0       0       0       0       0       0
Total ram usage:       14 bytes
 Hardware stack levels used:    1
 This function calls:
		Nothing
 This function is called by:
		_printf
 This function uses a non-reentrant model


 *************** function ___llmod *****************
 Defined at:
		line 8 in file "C:\Program Files (x86)\Microchip\xc8\v1.37\sources\common\llmod.c"
 Parameters:    Size  Location     Type
  dividend        4   13[COMRAM] unsigned long 
  divisor         4   17[COMRAM] unsigned long 
 Auto vars:     Size  Location     Type
  counter         1   21[COMRAM] unsigned char 
 Return value:  Size  Location     Type
                  4   13[COMRAM] unsigned long 
 Registers used:
		wreg, status,2, status,0
 Tracked objects:
		On entry : 
		On exit  : 
		Unchanged: 
 Data sizes:     COMRAM   BANK0   BANK1   BANK2   BANK3   BANK4   BANK5   BANK6   BANK7
      Params:         8       0       0       0       0       0       0       0       0
      Locals:         1       0       0       0       0       0       0       0       0
      Temps:          0       0       0       0       0       0       0       0       0
      Totals:         9       0       0       0       0       0       0       0       0
Total ram usage:        9 bytes
 Hardware stack levels used:    1
 This function calls:
		Nothing
 This function is called by:
		_printf
 This function uses a non-reentrant model


 *************** function ___lldiv *****************
 Defined at:
		line 8 in file "C:\Program Files (x86)\Microchip\xc8\v1.37\sources\common\lldiv.c"
 Parameters:    Size  Location     Type
  dividend        4    0[COMRAM] unsigned long 
  divisor         4    4[COMRAM] unsigned long 
 Auto vars:     Size  Location     Type
  quotient        4    8[COMRAM] unsigned long 
  counter         1   12[COMRAM] unsigned char 
 Return value:  Size  Location     Type
                  4    0[COMRAM] unsigned long 
 Registers used:
		wreg, status,2, status,0
 Tracked objects:
		On entry : 
		On exit  : 
		Unchanged: 
 Data sizes:     COMRAM   BANK0   BANK1   BANK2   BANK3   BANK4   BANK5   BANK6   BANK7
      Params:         8       0       0       0       0       0       0       0       0
      Locals:         5       0       0       0       0       0       0       0       0
      Temps:          0       0       0       0       0       0       0       0       0
      Totals:        13       0       0       0       0       0       0       0       0
Total ram usage:       13 bytes
 Hardware stack levels used:    1
 This function calls:
		Nothing
 This function is called by:
		_printf
 This function uses a non-reentrant model


 *************** function _init_uart *****************
 Defined at:
		line 30 in file "src/main.c"
 Parameters:    Size  Location     Type
		None
 Auto vars:     Size  Location     Type
		None
 Return value:  Size  Location     Type
                  1    wreg      void 
 Registers used:
		wreg, status,2, cstack
 Tracked objects:
		On entry : 
		On exit  : 
		Unchanged: 
 Data sizes:     COMRAM   BANK0   BANK1   BANK2   BANK3   BANK4   BANK5   BANK6   BANK7
      Params:         0       0       0       0       0       0       0       0       0
      Locals:         0       0       0       0       0       0       0       0       0
[...]
      Totals:         8       0       0       0       0       0       0       0       0
Total ram usage:        8 bytes
 Hardware stack levels used:    1
 This function calls:
		Nothing
 This function is called by:
		_floor
		_log
 This function uses a non-reentrant model


 *************** function ___xxtofl *****************
 Defined at:
		line 10 in file "C:\Program Files (x86)\Microchip\xc8\v1.37\sources\common\xxtofl.c"
 Parameters:    Size  Location     Type
  sign            1    wreg     unsigned char 
  val             4    6[COMRAM] long 
 Auto vars:     Size  Location     Type
  sign            1   14[COMRAM] unsigned char 
  arg             4   16[COMRAM] unsigned long 
  exp             1   15[COMRAM] unsigned char 
 Return value:  Size  Location     Type
                  4    6[COMRAM] unsigned char 
 Registers used:
		wreg, status,2, status,0
 Tracked objects:
		On entry : 
		On exit  : 
		Unchanged: 
 Data sizes:     COMRAM   BANK0   BANK1   BANK2   BANK3   BANK4   BANK5   BANK6   BANK7
      Params:         4       0       0       0       0       0       0       0       0
      Locals:         6       0       0       0       0       0       0       0       0
      Temps:          4       0       0       0       0       0       0       0       0
      Totals:        14       0       0       0       0       0       0       0       0
Total ram usage:       14 bytes
 Hardware stack levels used:    1
 This function calls:
		Nothing
 This function is called by:
		_getAccuracy
		_getRecall
		_getPrecision
		_printf
		_exp
		_floor
		_log
		_pow
		_showOff
 This function uses a non-reentrant model


 *************** function ___fltol *****************
 Defined at:
		line 43 in file "C:\Program Files (x86)\Microchip\xc8\v1.37\sources\common\fltol.c"
 Parameters:    Size  Location     Type
  f1              4   88[COMRAM] unsigned char 
 Auto vars:     Size  Location     Type
  exp1            1   93[COMRAM] unsigned char 
  sign1           1   92[COMRAM] unsigned char 
 Return value:  Size  Location     Type
                  4   88[COMRAM] long 
 Registers used:
		wreg, status,2, status,0
 Tracked objects:
		On entry : 
		On exit  : 
		Unchanged: 
 Data sizes:     COMRAM   BANK0   BANK1   BANK2   BANK3   BANK4   BANK5   BANK6   BANK7
      Params:         4       0       0       0       0       0       0       0       0
      Locals:         2       0       0       0       0       0       0       0       0
      Temps:          0       4       0       0       0       0       0       0       0
      Totals:         6       4       0       0       0       0       0       0       0
Total ram usage:       10 bytes
 Hardware stack levels used:    1
 This function calls:
		Nothing
 This function is called by:
		_calculateMetrics
		_getAccuracy
		_printf
		_exp
		_floor
		_pow
 This function uses a non-reentrant model


 *************** function ___flge *****************
 Defined at:
		line 4 in file "C:\Program Files (x86)\Microchip\xc8\v1.37\sources\common\flge.c"
 Parameters:    Size  Location     Type
  ff1             4    0[COMRAM] long 
  ff2             4    4[COMRAM] long 
 Auto vars:     Size  Location     Type
		None
 Return value:  Size  Location     Type
		None               void
 Registers used:
		wreg, status,2, status,0
 Tracked objects:
		On entry : 
		On exit  : 
		Unchanged: 
 Data sizes:     COMRAM   BANK0   BANK1   BANK2   BANK3   BANK4   BANK5   BANK6   BANK7
      Params:         8       0       0       0       0       0       0       0       0
      Locals:         0       0       0       0       0       0       0       0       0
      Temps:          4       0       0       0       0       0       0       0       0
      Totals:        12       0       0       0       0       0       0       0       0
Total ram usage:       12 bytes
 Hardware stack levels used:    1
 This function calls:
		Nothing
 This function is called by:
		_predict
		_printf
		_exp
		_floor
		_pow
 This function uses a non-reentrant model


 *************** function _eval_poly *****************
 Defined at:
		line 4 in file "C:\Program Files (x86)\Microchip\xc8\v1.37\sources\common\evalpoly.c"
 Parameters:    Size  Location     Type
  x               4   20[BANK0 ] long 
  d               2   24[BANK0 ] PTR const 
		 -> log@coeff(36), exp@coeff(40), 
  n               2   26[BANK0 ] int 
 Auto vars:     Size  Location     Type
  res             4   32[BANK0 ] int 
 Return value:  Size  Location     Type
                  4   20[BANK0 ] int 
 Registers used:
		wreg, status,2, status,0, tblptrl, tblptrh, tblptru, prodl, prodh, cstack
 Tracked objects:
		On entry : 
		On exit  : 
		Unchanged: 
 Data sizes:     COMRAM   BANK0   BANK1   BANK2   BANK3   BANK4   BANK5   BANK6   BANK7
      Params:         0       8       0       0       0       0       0       0       0
      Locals:         0       4       0       0       0       0       0       0       0
      Temps:          0       4       0       0       0       0       0       0       0
      Totals:         0      16       0       0       0       0       0       0       0
Total ram usage:       16 bytes
 Hardware stack levels used:    1
 Hardware stack levels required when called:    1
 This function calls:
		___fladd
		___flmul
 This function is called by:
		_exp
		_log
 This function uses a non-reentrant model


 *************** function ___flmul *****************
 Defined at:
		line 8 in file "C:\Program Files (x86)\Microchip\xc8\v1.37\sources\common\sprcmul.c"
 Parameters:    Size  Location     Type
  b               4   54[COMRAM] int 
  a               4   58[COMRAM] int 
 Auto vars:     Size  Location     Type
  prod            4   73[COMRAM] struct .
  grs             4   67[COMRAM] unsigned long 
  temp            2   77[COMRAM] struct .
  bexp            1   72[COMRAM] unsigned char 
  aexp            1   71[COMRAM] unsigned char 
  sign            1   66[COMRAM] unsigned char 
 Return value:  Size  Location     Type
                  4   54[COMRAM] unsigned char 
 Registers used:
		wreg, status,2, status,0, prodl, prodh
 Tracked objects:
		On entry : 
		On exit  : 
		Unchanged: 
 Data sizes:     COMRAM   BANK0   BANK1   BANK2   BANK3   BANK4   BANK5   BANK6   BANK7
      Params:         8       0       0       0       0       0       0       0       0
      Locals:        13       0       0       0       0       0       0       0       0
      Temps:          4       0       0       0       0       0       0       0       0
      Totals:        25       0       0       0       0       0       0       0       0
Total ram usage:       25 bytes
 Hardware stack levels used:    1
 This function calls:
		Nothing
 This function is called by:
		_calculateProbability
		_getAccuracy
		_fround
		_scale
		_printf
		_exp
		_log
		_pow
		_eval_poly
 This function uses a non-reentrant model


 *************** function ___flsub *****************
 Defined at:
		line 245 in file "C:\Program Files (x86)\Microchip\xc8\v1.37\sources\common\sprcadd.c"
 Parameters:    Size  Location     Type
  b               4   20[BANK0 ] unsigned char 
  a               4   24[BANK0 ] unsigned char 
 Auto vars:     Size  Location     Type
		None
 Return value:  Size  Location     Type
                  4   20[BANK0 ] unsigned char 
 Registers used:
		wreg, status,2, status,0, cstack
 Tracked objects:
		On entry : 
		On exit  : 
		Unchanged: 
 Data sizes:     COMRAM   BANK0   BANK1   BANK2   BANK3   BANK4   BANK5   BANK6   BANK7
      Params:         0       8       0       0       0       0       0       0       0
      Locals:         0       0       0       0       0       0       0       0       0
      Temps:          0       0       0       0       0       0       0       0       0
      Totals:         0       8       0       0       0       0       0       0       0
Total ram usage:        8 bytes
 Hardware stack levels used:    1
 Hardware stack levels required when called:    1
 This function calls:
		___fladd
 This function is called by:
		_printf
		_exp
 This function uses a non-reentrant model


 *************** function ___fladd *****************
 Defined at:
		line 10 in file "C:\Program Files (x86)\Microchip\xc8\v1.37\sources\common\sprcadd.c"
 Parameters:    Size  Location     Type
  b               4    0[BANK0 ] unsigned char 
  a               4    4[BANK0 ] unsigned char 
 Auto vars:     Size  Location     Type
  grs             1   19[BANK0 ] unsigned char 
  bexp            1   18[BANK0 ] unsigned char 
  aexp            1   17[BANK0 ] unsigned char 
  signs           1   16[BANK0 ] unsigned char 
 Return value:  Size  Location     Type
                  4    0[BANK0 ] unsigned char 
 Registers used:
		wreg, status,2, status,0
 Tracked objects:
		On entry : 
		On exit  : 
		Unchanged: 
 Data sizes:     COMRAM   BANK0   BANK1   BANK2   BANK3   BANK4   BANK5   BANK6   BANK7
      Params:         0       8       0       0       0       0       0       0       0
      Locals:         0       4       0       0       0       0       0       0       0
      Temps:          0       8       0       0       0       0       0       0       0
      Totals:         0      20       0       0       0       0       0       0       0
Total ram usage:       20 bytes
 Hardware stack levels used:    1
 This function calls:
		Nothing
 This function is called by:
		_calculateProbability
		_calculateClassProbability
		_printf
		_floor
		_log
		___flsub
		_eval_poly
		_getCrossAccuracy
 This function uses a non-reentrant model


 *************** function ___flneg *****************
 Defined at:
		line 15 in file "C:\Program Files (x86)\Microchip\xc8\v1.37\sources\common\flneg.c"
 Parameters:    Size  Location     Type
  f1              4    0[COMRAM] unsigned char 
 Auto vars:     Size  Location     Type
		None
 Return value:  Size  Location     Type
                  4    0[COMRAM] unsigned char 
 Registers used:
		wreg, status,2, status,0
 Tracked objects:
		On entry : 
		On exit  : 
		Unchanged: 
 Data sizes:     COMRAM   BANK0   BANK1   BANK2   BANK3   BANK4   BANK5   BANK6   BANK7
      Params:         4       0       0       0       0       0       0       0       0
      Locals:         0       0       0       0       0       0       0       0       0
      Temps:          0       0       0       0       0       0       0       0       0
      Totals:         4       0       0       0       0       0       0       0       0
Total ram usage:        4 bytes
 Hardware stack levels used:    1
 This function calls:
		Nothing
 This function is called by:
		_calculateProbability
		_printf
		_exp
		_pow
 This function uses a non-reentrant model


 *************** function ___fldiv *****************
 Defined at:
		line 11 in file "C:\Program Files (x86)\Microchip\xc8\v1.37\sources\common\sprcdiv.c"
 Parameters:    Size  Location     Type
  b               4   29[COMRAM] unsigned char 
  a               4   33[COMRAM] unsigned char 
 Auto vars:     Size  Location     Type
  grs             4   48[COMRAM] unsigned long 
  rem             4   42[COMRAM] unsigned long 
  new_exp         2   46[COMRAM] int 
  aexp            1   53[COMRAM] unsigned char 
  bexp            1   52[COMRAM] unsigned char 
  sign            1   41[COMRAM] unsigned char 
 Return value:  Size  Location     Type
                  4   29[COMRAM] unsigned char 
 Registers used:
		wreg, status,2, status,0
 Tracked objects:
		On entry : 
		On exit  : 
		Unchanged: 
 Data sizes:     COMRAM   BANK0   BANK1   BANK2   BANK3   BANK4   BANK5   BANK6   BANK7
      Params:         8       0       0       0       0       0       0       0       0
      Locals:        13       0       0       0       0       0       0       0       0
      Temps:          4       0       0       0       0       0       0       0       0
      Totals:        25       0       0       0       0       0       0       0       0
Total ram usage:       25 bytes
 Hardware stack levels used:    1
 This function calls:
		Nothing
 This function is called by:
		_calculateProbability
		_getAccuracy
		_getRecall
		_getPrecision
		_exp
		_getCrossAccuracy
 This function uses a non-reentrant model


 *************** function ___wmul *****************
 Defined at:
		line 15 in file "C:\Program Files (x86)\Microchip\xc8\v1.37\sources\common\Umul16.c"
 Parameters:    Size  Location     Type
  multiplier      2    0[COMRAM] unsigned int 
  multiplicand    2    2[COMRAM] unsigned int 
 Auto vars:     Size  Location     Type
  product         2    4[COMRAM] unsigned int 
 Return value:  Size  Location     Type
                  2    0[COMRAM] unsigned int 
 Registers used:
		wreg, status,2, status,0, prodl, prodh
 Tracked objects:
		On entry : 
		On exit  : 
		Unchanged: 
 Data sizes:     COMRAM   BANK0   BANK1   BANK2   BANK3   BANK4   BANK5   BANK6   BANK7
      Params:         4       0       0       0       0       0       0       0       0
      Locals:         2       0       0       0       0       0       0       0       0
      Temps:          0       0       0       0       0       0       0       0       0
      Totals:         6       0       0       0       0       0       0       0       0
Total ram usage:        6 bytes
 Hardware stack levels used:    1
 This function calls:
		Nothing
 This function is called by:
		_calculateClassProbability
		_calculateMetrics
		_getAccuracy
		_getRecall
		_getPrecision
		_printConfusionMatrix
		_printf
		_printTestset
		_printSummaries
		_printTestSetLine
		_showOff
 This function uses a non-reentrant model



MODULE INFORMATION

Module		Function		Class		Link	Load	Size
C:\Program Files (x86)\Microchip\xc8\v1.37\sources\common\sprcdiv.c
		___fldiv       		CODE           	2418	0000	693

C:\Program Files (x86)\Microchip\xc8\v1.37\sources\common\sprcdiv.c estimated size: 693

C:\Program Files (x86)\Microchip\xc8\v1.37\sources\common\llmod.c
		___llmod       		CODE           	0426	0000	103

C:\Program Files (x86)\Microchip\xc8\v1.37\sources\common\llmod.c estimated size: 103

C:\Program Files (x86)\Microchip\xc8\v1.37\sources\common\exp.c
		_exp           		CODE           	218C	0000	653

C:\Program Files (x86)\Microchip\xc8\v1.37\sources\common\exp.c estimated size: 653

C:\Program Files (x86)\Microchip\xc8\v1.37\sources\common\doprnt.c
		_scale         		CODE           	2CE0	0000	1049
		_printf        		CODE           	35A0	0000	3047
		_fround        		CODE           	1F12	0000	635

C:\Program Files (x86)\Microchip\xc8\v1.37\sources\common\doprnt.c estimated size: 4731

C:\Program Files (x86)\Microchip\xc8\v1.37\sources\common\floor.c
		_floor         		CODE           	0D4A	0000	287

C:\Program Files (x86)\Microchip\xc8\v1.37\sources\common\floor.c estimated size: 287

C:\Program Files (x86)\Microchip\xc8\v1.37\sources\common\Umul16.c
		___wmul        		CODE           	02E8	0000	39

C:\Program Files (x86)\Microchip\xc8\v1.37\sources\common\Umul16.c estimated size: 39

C:\Program Files (x86)\Microchip\xc8\v1.37\sources\common\awdiv.c
		___awdiv       		CODE           	057E	0000	133

C:\Program Files (x86)\Microchip\xc8\v1.37\sources\common\awdiv.c estimated size: 133

src/util.c
		_printConfusionMatrix		CODE           	147A	0000	353

src/util.c estimated size: 353

C:\Program Files (x86)\Microchip\xc8\v1.37\sources\common\fltol.c
		___fltol       		CODE           	0764	0000	225

C:\Program Files (x86)\Microchip\xc8\v1.37\sources\common\fltol.c estimated size: 225

C:\Program Files (x86)\Microchip\xc8\v1.37\sources\common\log.c
		_log           		CODE           	15DA	0000	383

C:\Program Files (x86)\Microchip\xc8\v1.37\sources\common\log.c estimated size: 383

C:\Program Files (x86)\Microchip\xc8\v1.37\sources\common\isdigit.c
		_isdigit       		CODE           	02CA	0000	31

C:\Program Files (x86)\Microchip\xc8\v1.37\sources\common\isdigit.c estimated size: 31

C:\Program Files (x86)\Microchip\xc8\v1.37\sources\common\sprcadd.c
		___flsub       		CODE           	037E	0000	73
		___fladd       		CODE           	30F8	0000	1193

C:\Program Files (x86)\Microchip\xc8\v1.37\sources\common\sprcadd.c estimated size: 1266

C:\Program Files (x86)\Microchip\xc8\v1.37\sources\common\lldiv.c
		___lldiv       		CODE           	04FC	0000	131

C:\Program Files (x86)\Microchip\xc8\v1.37\sources\common\lldiv.c estimated size: 131

C:\Program Files (x86)\Microchip\xc8\v1.37\sources\common\ftdivl.c
		__tdiv_to_l_   		CODE           	10B0	0000	307

C:\Program Files (x86)\Microchip\xc8\v1.37\sources\common\ftdivl.c estimated size: 307

C:\Program Files (x86)\Microchip\xc8\v1.37\sources\common\pow.c
		_pow           		CODE           	1AEC	0000	501

C:\Program Files (x86)\Microchip\xc8\v1.37\sources\common\pow.c estimated size: 501

src/main.c
		_putch         		CODE           	0286	0000	13
		_main          		CODE           	033C	0000	67
		_init_uart     		CODE           	0292	0000	29

src/main.c estimated size: 109

C:\Program Files (x86)\Microchip\xc8\v1.37\sources\common\fldivl.c
		__div_to_l_    		CODE           	0F88	0000	297

C:\Program Files (x86)\Microchip\xc8\v1.37\sources\common\fldivl.c estimated size: 297

shared
		exp@coeff      		MEDIUMCONST    	7D77	0000	41
		__powers_      		MEDIUMCONST    	597B	0000	53
		_testSet       		MEDIUMCONST    	59D7	0000	9121
		_dpowers       		MEDIUMCONST    	59AF	0000	41
		__npowers_     		MEDIUMCONST    	5947	0000	53
		__initialization		CODE           	02AE	0000	19
		_stdevs        		MEDIUMCONST    	4D67	0000	3041
		_means         		MEDIUMCONST    	4187	0000	3041
		log@coeff      		MEDIUMCONST    	7D9F	0000	37

shared estimated size: 15447

C:\Program Files (x86)\Microchip\xc8\v1.37\sources\common\flneg.c
		___flneg       		CODE           	030E	0000	47

C:\Program Files (x86)\Microchip\xc8\v1.37\sources\common\flneg.c estimated size: 47

src/prediction.c
		_calculateProbability		CODE           	1CE0	0000	563
		_getAccuracy   		CODE           	11E2	0000	329
		_getRecall     		CODE           	0A2E	0000	259
		_calculateMetrics		CODE           	1758	0000	441
		_predict       		CODE           	069C	0000	201
		_printMetrics  		CODE           	0844	0000	233
		_getPrecision  		CODE           	092C	0000	259
		_calculateClassProbability		CODE           	1910	0000	477

src/prediction.c estimated size: 2762

C:\Program Files (x86)\Microchip\xc8\v1.37\sources\common\flge.c
		___flge        		CODE           	0E68	0000	289

C:\Program Files (x86)\Microchip\xc8\v1.37\sources\common\flge.c estimated size: 289

C:\Program Files (x86)\Microchip\xc8\v1.37\sources\pic18\plib\USART\uopen.c
		_OpenUSART     		CODE           	03C6	0000	97

C:\Program Files (x86)\Microchip\xc8\v1.37\sources\pic18\plib\USART\uopen.c estimated size: 97

C:\Program Files (x86)\Microchip\xc8\v1.37\sources\common\frexp.c
		_ldexp         		CODE           	0B30	0000	267
		_frexp         		CODE           	0602	0000	155

C:\Program Files (x86)\Microchip\xc8\v1.37\sources\common\frexp.c estimated size: 422

C:\Program Files (x86)\Microchip\xc8\v1.37\sources\common\xxtofl.c
		___xxtofl      		CODE           	132A	0000	337

C:\Program Files (x86)\Microchip\xc8\v1.37\sources\common\xxtofl.c estimated size: 337

C:\Program Files (x86)\Microchip\xc8\v1.37\sources\common\evalpoly.c
		_eval_poly     		CODE           	0C3A	0000	273

C:\Program Files (x86)\Microchip\xc8\v1.37\sources\common\evalpoly.c estimated size: 273

C:\Program Files (x86)\Microchip\xc8\v1.37\sources\common\sprcsqrt.c
		_sqrt          		CODE           	26CC	0000	709

C:\Program Files (x86)\Microchip\xc8\v1.37\sources\common\sprcsqrt.c estimated size: 709

C:\Program Files (x86)\Microchip\xc8\v1.37\sources\common\awmod.c
		___awmod       		CODE           	048C	0000	113

C:\Program Files (x86)\Microchip\xc8\v1.37\sources\common\awmod.c estimated size: 113

C:\Program Files (x86)\Microchip\xc8\v1.37\sources\common\sprcmul.c
		___flmul       		CODE           	2990	0000	849

C:\Program Files (x86)\Microchip\xc8\v1.37\sources\common\sprcmul.c estimated size: 849

